// Jest Snapshot v1, https://goo.gl/fbAQLP

exports[`renders without crashing 1`] = `
Object {
  "asFragment": [Function],
  "baseElement": <body>
    <div>
      <form>
        <h3
          class="navy f4"
        >
          Team player - Be positive - Beat yesterday
        </h3>
        <p
          class="measure black-60 lh-copy f6"
        >
          Together we re-define the experience of online gaming through gamification and novel technical solutions.
        </p>
        <div
          class="input--container"
        >
          <input
            class="input--field"
            name="firstName"
            placeholder="Name"
          />
          <input
            class="input--field"
            name="email"
            placeholder="Email"
          />
        </div>
        <div
          class="mv3"
        >
          <input
            id="terms"
            name="terms"
            type="checkbox"
          />
          <label
            for="terms"
          >
            I agree to the terms
            <span
              class="invisible--text white f7"
            >
              and I'll bring nice fika every friday ;)
            </span>
             
          </label>
        </div>
        <button
          class="form--button ph4 pv2 bg-blue white br2 bn mt3 grow pointer"
          data-ga="submit"
          type="submit"
        >
          I'm in, sign me up!
        </button>
      </form>
    </div>
  </body>,
  "container": <div>
    <form>
      <h3
        class="navy f4"
      >
        Team player - Be positive - Beat yesterday
      </h3>
      <p
        class="measure black-60 lh-copy f6"
      >
        Together we re-define the experience of online gaming through gamification and novel technical solutions.
      </p>
      <div
        class="input--container"
      >
        <input
          class="input--field"
          name="firstName"
          placeholder="Name"
        />
        <input
          class="input--field"
          name="email"
          placeholder="Email"
        />
      </div>
      <div
        class="mv3"
      >
        <input
          id="terms"
          name="terms"
          type="checkbox"
        />
        <label
          for="terms"
        >
          I agree to the terms
          <span
            class="invisible--text white f7"
          >
            and I'll bring nice fika every friday ;)
          </span>
           
        </label>
      </div>
      <button
        class="form--button ph4 pv2 bg-blue white br2 bn mt3 grow pointer"
        data-ga="submit"
        type="submit"
      >
        I'm in, sign me up!
      </button>
    </form>
  </div>,
  "debug": [Function],
  "findAllByAltText": [Function],
  "findAllByDisplayValue": [Function],
  "findAllByLabelText": [Function],
  "findAllByPlaceholderText": [Function],
  "findAllByRole": [Function],
  "findAllByTestId": [Function],
  "findAllByText": [Function],
  "findAllByTitle": [Function],
  "findByAltText": [Function],
  "findByDisplayValue": [Function],
  "findByLabelText": [Function],
  "findByPlaceholderText": [Function],
  "findByRole": [Function],
  "findByTestId": [Function],
  "findByText": [Function],
  "findByTitle": [Function],
  "getAllByAltText": [Function],
  "getAllByDisplayValue": [Function],
  "getAllByLabelText": [Function],
  "getAllByPlaceholderText": [Function],
  "getAllByRole": [Function],
  "getAllByTestId": [Function],
  "getAllByText": [Function],
  "getAllByTitle": [Function],
  "getByAltText": [Function],
  "getByDisplayValue": [Function],
  "getByLabelText": [Function],
  "getByPlaceholderText": [Function],
  "getByRole": [Function],
  "getByTestId": [Function],
  "getByText": [Function],
  "getByTitle": [Function],
  "queryAllByAltText": [Function],
  "queryAllByDisplayValue": [Function],
  "queryAllByLabelText": [Function],
  "queryAllByPlaceholderText": [Function],
  "queryAllByRole": [Function],
  "queryAllByTestId": [Function],
  "queryAllByText": [Function],
  "queryAllByTitle": [Function],
  "queryByAltText": [Function],
  "queryByDisplayValue": [Function],
  "queryByLabelText": [Function],
  "queryByPlaceholderText": [Function],
  "queryByRole": [Function],
  "queryByTestId": [Function],
  "queryByText": [Function],
  "queryByTitle": [Function],
  "rerender": [Function],
  "unmount": [Function],
}
`;
